% TODO: in enc/ change /*cyrillic and /numero to use /afii* - see cm-super-x2.enc (cm-super-minimal debian package) + https://tug.org/TUGboat/tb19-4/tb61berd.pdf
% TODO: google correspondence between EC and CM (or LH and CM) - cm-super uses the same naming convention as EC/LH fonts, and find correspondence for remaining 3 fonts: omssdc10, omssqi8, omssq8 (and then delete them from pfb-mftrace/)
ombxsl10 SFBL1000 "roman2 ReEncodeFont" <roman2 <sfbl1000.pfb
ombxti10 SFBI1000 "textit2 ReEncodeFont" <textit2 <sfbi1000.pfb
ombx10 SFBX1000 "roman2 ReEncodeFont" <roman2 <sfbx1000.pfb
ombx12 SFBX1200 "roman2 ReEncodeFont" <roman2 <sfbx1200.pfb
ombx5 SFBX0500 "roman2 ReEncodeFont" <roman2 <sfbx0500.pfb
ombx6 SFBX0600 "roman2 ReEncodeFont" <roman2 <sfbx0600.pfb
ombx7 SFBX0700 "roman2 ReEncodeFont" <roman2 <sfbx0700.pfb
ombx8 SFBX0800 "roman2 ReEncodeFont" <roman2 <sfbx0800.pfb
ombx9 SFBX0900 "roman2 ReEncodeFont" <roman2 <sfbx0900.pfb
omb10 SFBX1000 "roman2 ReEncodeFont" <roman2 <sfrb1000.pfb
omdunh10 SFDH1000 "roman2 ReEncodeFont" <roman2 <sfdh1000.pfb
omff10 SFFF1000 "roman2 ReEncodeFont" <roman2 <sfff1000.pfb
omfib8 SFFB0800 "roman2 ReEncodeFont" <roman2 <sffb0800.pfb
omfi10 SFFI1000 "textit2 ReEncodeFont" <textit2 <sffi1000.pfb
omr10 SFRM1000 "roman2 ReEncodeFont" <roman2 <sfrm1000.pfb
omr12 SFRM1200 "roman2 ReEncodeFont" <roman2 <sfrm1200.pfb
omr17 SFRM1728 "roman2 ReEncodeFont" <roman2 <sfrm1728.pfb
omr6 SFRM0600 "roman2 ReEncodeFont" <roman2 <sfrm0600.pfb
omr7 SFRM0700 "roman2 ReEncodeFont" <roman2 <sfrm0700.pfb
omr8 SFRM0800 "roman2 ReEncodeFont" <roman2 <sfrm0800.pfb
omr9 SFRM0900 "roman2 ReEncodeFont" <roman2 <sfrm0900.pfb
omsl10 SFSL1000 "roman2 ReEncodeFont" <roman2 <sfsl1000.pfb
omsl12 SFSL1200 "roman2 ReEncodeFont" <roman2 <sfsl1200.pfb
omsl8 SFSL0800 "roman2 ReEncodeFont" <roman2 <sfsl0800.pfb
omsl9 SFSL0900 "roman2 ReEncodeFont" <roman2 <sfsl0900.pfb
omssbx10 SFSX1000 "roman2 ReEncodeFont" <roman2 <sfsx1000.pfb
omssdc10 <omssdc10.pfb % roman2
omssi10 SFSI1000 "roman2 ReEncodeFont" <roman2 <sfsi1000.pfb
omssi12 SFSI1200 "roman2 ReEncodeFont" <roman2 <sfsi1200.pfb
omssi17 SFSI1728 "roman2 ReEncodeFont" <roman2 <sfsi1728.pfb
omssi8 SFSI0800 "roman2 ReEncodeFont" <roman2 <sfsi0800.pfb
omssi9 SFSI0900 "roman2 ReEncodeFont" <roman2 <sfsi0900.pfb
omssqi8 <omssqi8.pfb % roman2
omssq8 <omssq8.pfb % roman2
omss10 SFSS1000 "roman2 ReEncodeFont" <roman2 <sfss1000.pfb
omss12 SFSS1200 "roman2 ReEncodeFont" <roman2 <sfss1200.pfb
omss17 SFSS1728 "roman2 ReEncodeFont" <roman2 <sfss1728.pfb
omss8 SFSS0800 "roman2 ReEncodeFont" <roman2 <sfss0800.pfb
omss9 SFSS0900 "roman2 ReEncodeFont" <roman2 <sfss0900.pfb
omti10 SFTI1000 "textit2 ReEncodeFont" <textit2 <sfti1000.pfb
omti12 SFTI1200 "textit2 ReEncodeFont" <textit2 <sfti1200.pfb
omti7 SFTI0700 "textit2 ReEncodeFont" <textit2 <sfti0700.pfb
omti8 SFTI0800 "textit2 ReEncodeFont" <textit2 <sfti0800.pfb
omti9 SFTI0900 "textit2 ReEncodeFont" <textit2 <sfti0900.pfb
omu10 SFUI1000 "textit2 ReEncodeFont" <textit2 <sfui1000.pfb
omvtt10 SFVT1000 "roman2 ReEncodeFont" <roman2 <sfvt1000.pfb
omcsc10 SFCC1000 "roman1csc1 ReEncodeFont" <roman1csc1 <sfcc1000.pfb
omr5 SFRM0500 "roman1csc1 ReEncodeFont" <roman1csc1 <sfrm0500.pfb
omtex10 <omtex10.pfb % does not exist in cm-super
omtex8 <omtex8.pfb % does not exist in cm-super
omtex9 <omtex9.pfb % does not exist in cm-super
omitt10 SFIT1000 "textit0 ReEncodeFont" <textit0 <sfit1000.pfb
omsltt10 SFST1000 "roman0csc0 ReEncodeFont" <roman0csc0 <sfst1000.pfb
omtcsc10 SFTC1000 "roman0csc0 ReEncodeFont" <roman0csc0 <sftc1000.pfb
omtt10 SFTT1000 "roman0csc0 ReEncodeFont" <roman0csc0 <sftt1000.pfb
omtt12 SFTT1200 "roman0csc0 ReEncodeFont" <roman0csc0 <sftt1200.pfb
omtt8 SFTT0800 "roman0csc0 ReEncodeFont" <roman0csc0 <sftt0800.pfb
omtt9 SFTT0900 "roman0csc0 ReEncodeFont" <roman0csc0 <sftt0900.pfb
